ASxxxx Linker V03.00 + NoICE + sdld,  page 1.
Hexadecimal  [32-Bits]

Area                                    Addr        Size        Decimal Bytes (Attributes)
--------------------------------        ----        ----        ------- ----- ------------
CABS                                00000000    00000000 =           0. bytes (ABS,CON,CODE)

      Value  Global                              Global Defined In Module
      -----  --------------------------------   ------------------------
C:   00000000  l_BIT_BANK                      
C:   00000000  l_CABS                          
C:   00000000  l_GSINIT1                       
C:   00000000  l_GSINIT5                       
C:   00000000  l_IABS                          
C:   00000000  l_PSEG                          
C:   00000000  l_REG_BANK_1                    
C:   00000000  l_REG_BANK_2                    
C:   00000000  l_REG_BANK_3                    
C:   00000000  l_RSEG                          
C:   00000000  l_RSEG0                         
C:   00000000  l_RSEG1                         
C:   00000000  l_XABS                          
C:   00000000  l__CODE                         
C:   00000000  s_BSEG                          
C:   00000000  s_CABS                          
C:   00000000  s_DSEG                          
C:   00000000  s_IABS                          
C:   00000000  s_REG_BANK_0                    
C:   00000000  s_RSEG                          
C:   00000000  s_RSEG0                         
C:   00000000  s_RSEG1                         
C:   00000000  s_XABS                          
C:   00000001  l_BSEG_BYTES                    
C:   00000003  l_BSEG                          
C:   00000003  l_GSFINAL                       
C:   00000003  l_GSINIT0                       
C:   00000004  l_OSEG                          
C:   00000006  l_GSINIT                        
C:   00000006  l_HOME                          
C:   00000008  l_REG_BANK_0                    
C:   00000008  s_REG_BANK_1                    
C:   0000000A  l_GSINIT2                       
C:   0000000C  l_ISEG                          
C:   00000010  s_REG_BANK_2                    
C:   00000018  s_BIT_BANK                      
C:   00000018  s_REG_BANK_3                    
C:   00000020  s_BSEG_BYTES                    
C:   00000020  s__CODE                         
C:   00000022  l_GSINIT3                       
C:   0000002A  l_GSINIT4                       
C:   0000002B  s_OSEG                          
C:   0000002F  s_ISEG                          
C:   0000003B  s_SSEG                          
C:   0000005C  l_XINIT                         
C:   0000005C  l_XISEG                         
C:   0000007D  l_DSEG                          
C:   000000C5  l_SSEG                          
C:   00000100  l_IRAM                          
C:   00000255  l_CONST                         
ASxxxx Linker V03.00 + NoICE + sdld,  page 2.
Hexadecimal  [32-Bits]

Area                                    Addr        Size        Decimal Bytes (Attributes)
--------------------------------        ----        ----        ------- ----- ------------
CABS                                00000000    00000000 =           0. bytes (ABS,CON,CODE)

      Value  Global                              Global Defined In Module
      -----  --------------------------------   ------------------------
C:   00000400  s_PSEG                          
C:   00000400  s_XSEG                          
C:   00001051  l_XSEG                          
C:   00001451  s_XISEG                         
C:   00001D77  l_CSEG                          
C:   00002200  s_HOME                          
C:   00002206  s_GSINIT0                       
C:   00002209  s_GSINIT1                       
C:   00002209  s_GSINIT2                       
C:   00002213  s_GSINIT3                       
C:   00002235  s_GSINIT4                       
C:   0000225F  s_GSINIT                        
C:   0000225F  s_GSINIT5                       
C:   00002265  s_GSFINAL                       
C:   00002268  s_CSEG                          
C:   00003FDF  s_CONST                         
C:   00004234  s_XINIT                         

ASxxxx Linker V03.00 + NoICE + sdld,  page 3.
Hexadecimal  [32-Bits]

Area                                    Addr        Size        Decimal Bytes (Attributes)
--------------------------------        ----        ----        ------- ----- ------------
.  .ABS.                            00000000    00000000 =           0. bytes (ABS,CON)

      Value  Global                              Global Defined In Module
      -----  --------------------------------   ------------------------
     00000000  .__.ABS.                           _startup
     00000080  _P0                                main
     00000080  _P0_0                              main
     00000081  _P0_1                              main
     00000081  _SP                                main
     00000082  _DP0L                              main
     00000082  _DPL                               main
     00000082  _P0_2                              main
     00000083  _DP0H                              main
     00000083  _DPH                               main
     00000083  _P0_3                              main
     00000084  _P0_4                              main
     00000085  _P0_5                              main
     00000086  _P0_6                              main
     00000087  _P0_7                              main
     00000087  _PCON                              main
     00000088  _IT0                               main
     00000088  _TCON                              main
     00000089  _IE0                               main
     00000089  _TMOD                              main
     0000008A  _IT1                               main
     0000008A  _TL0                               main
     0000008B  _IE1                               main
     0000008B  _TL1                               main
     0000008C  _TH0                               main
     0000008C  _TR0                               main
     0000008D  _TF0                               main
     0000008D  _TH1                               main
     0000008E  _AUXR                              main
     0000008E  _TR1                               main
     0000008F  _CKCON0                            main
     0000008F  _TF1                               main
     00000090  _P1                                main
     00000090  _P1_0                              main
     00000091  _P1_1                              main
     00000092  _P1_2                              main
     00000093  _P1_3                              main
     00000094  _P1_4                              main
     00000095  _P1_5                              main
     00000096  _P1_6                              main
     00000097  _CKRL                              main
     00000097  _P1_7                              main
     00000098  _RI                                main
     00000098  _SCON                              main
     00000099  _SBUF                              main
     00000099  _SBUF0                             main
     00000099  _TI                                main
     0000009A  _BRL                               main
     0000009A  _RB8                               main
     0000009B  _BDRCON                            main
ASxxxx Linker V03.00 + NoICE + sdld,  page 4.
Hexadecimal  [32-Bits]

Area                                    Addr        Size        Decimal Bytes (Attributes)
--------------------------------        ----        ----        ------- ----- ------------
.  .ABS.                            00000000    00000000 =           0. bytes (ABS,CON)

      Value  Global                              Global Defined In Module
      -----  --------------------------------   ------------------------
     0000009B  _TB8                               main
     0000009C  _KBLS                              main
     0000009C  _REN                               main
     0000009D  _KBE                               main
     0000009D  _SM2                               main
     0000009E  _KBF                               main
     0000009E  _SM1                               main
     0000009F  _SM0                               main
     000000A0  _P2                                main
     000000A0  _P2_0                              main
     000000A0  __XPAGE                            
     000000A1  _P2_1                              main
     000000A2  _AUXR1                             main
     000000A2  _P2_2                              main
     000000A3  _P2_3                              main
     000000A4  _P2_4                              main
     000000A5  _P2_5                              main
     000000A6  _P2_6                              main
     000000A6  _WDTRST                            main
     000000A7  _P2_7                              main
     000000A7  _WDTPRG                            main
     000000A8  _EX0                               main
     000000A8  _IE                                main
     000000A8  _IEN0                              main
     000000A9  _ET0                               main
     000000A9  _SADDR                             main
     000000AA  _EX1                               main
     000000AB  _ET1                               main
     000000AC  _ES                                main
     000000AD  _ET2                               main
     000000AE  _EC                                main
     000000AF  _CKCON1                            main
     000000AF  _EA                                main
     000000B0  _P3                                main
     000000B0  _P3_0                              main
     000000B0  _RXD                               main
     000000B0  _RXD0                              main
     000000B1  _IEN1                              main
     000000B1  _P3_1                              main
     000000B1  _TXD                               main
     000000B1  _TXD0                              main
     000000B2  _INT0                              main
     000000B2  _IPL1                              main
     000000B2  _P3_2                              main
     000000B3  _INT1                              main
     000000B3  _IPH1                              main
     000000B3  _P3_3                              main
     000000B4  _P3_4                              main
     000000B4  _T0                                main
     000000B5  _P3_5                              main
     000000B5  _T1                                main
ASxxxx Linker V03.00 + NoICE + sdld,  page 5.
Hexadecimal  [32-Bits]

Area                                    Addr        Size        Decimal Bytes (Attributes)
--------------------------------        ----        ----        ------- ----- ------------
.  .ABS.                            00000000    00000000 =           0. bytes (ABS,CON)

      Value  Global                              Global Defined In Module
      -----  --------------------------------   ------------------------
     000000B6  _P3_6                              main
     000000B6  _WR                                main
     000000B7  _IPH0                              main
     000000B7  _P3_7                              main
     000000B7  _RD                                main
     000000B8  _IP                                main
     000000B8  _IPL0                              main
     000000B8  _PX0                               main
     000000B8  _PX0L                              main
     000000B9  _PT0                               main
     000000B9  _PT0L                              main
     000000B9  _SADEN                             main
     000000BA  _PX1                               main
     000000BA  _PX1L                              main
     000000BB  _PT1                               main
     000000BB  _PT1L                              main
     000000BC  _PS                                main
     000000BC  _PSL                               main
     000000BD  _PT2                               main
     000000BD  _PT2L                              main
     000000BE  _PPCL                              main
     000000C0  _P4                                main
     000000C0  _P4_0                              main
     000000C1  _P4_1                              main
     000000C2  _P4_2                              main
     000000C3  _P4_3                              main
     000000C3  _SPCON                             main
     000000C4  _P4_4                              main
     000000C4  _SPSTA                             main
     000000C5  _P4_5                              main
     000000C5  _SPDAT                             main
     000000C6  _P4_6                              main
     000000C7  _P4_7                              main
     000000C8  _CP_RL2                            main
     000000C8  _T2CON                             main
     000000C8  _T2CON_0                           main
     000000C9  _C_T2                              main
     000000C9  _T2CON_1                           main
     000000C9  _T2MOD                             main
     000000CA  _RCAP2L                            main
     000000CA  _T2CON_2                           main
     000000CA  _TR2                               main
     000000CB  _EXEN2                             main
     000000CB  _RCAP2H                            main
     000000CB  _T2CON_3                           main
     000000CC  _T2CON_4                           main
     000000CC  _TCLK                              main
     000000CC  _TL2                               main
     000000CD  _RCLK                              main
     000000CD  _T2CON_5                           main
     000000CD  _TH2                               main
ASxxxx Linker V03.00 + NoICE + sdld,  page 6.
Hexadecimal  [32-Bits]

Area                                    Addr        Size        Decimal Bytes (Attributes)
--------------------------------        ----        ----        ------- ----- ------------
.  .ABS.                            00000000    00000000 =           0. bytes (ABS,CON)

      Value  Global                              Global Defined In Module
      -----  --------------------------------   ------------------------
     000000CE  _EXF2                              main
     000000CE  _T2CON_6                           main
     000000CF  _T2CON_7                           main
     000000CF  _TF2                               main
     000000D0  _P                                 main
     000000D0  _PSW                               main
     000000D1  _F1                                main
     000000D2  _EECON                             main
     000000D2  _OV                                main
     000000D3  _RS0                               main
     000000D4  _RS1                               main
     000000D5  _F0                                main
     000000D6  _AC                                main
     000000D7  _CY                                main
     000000D8  _CCF0                              main
     000000D8  _CCON                              main
     000000D9  _CCF1                              main
     000000D9  _CMOD                              main
     000000DA  _CCAPM0                            main
     000000DA  _CCF2                              main
     000000DB  _CCAPM1                            main
     000000DB  _CCF3                              main
     000000DC  _CCAPM2                            main
     000000DC  _CCF4                              main
     000000DD  _CCAPM3                            main
     000000DE  _CCAPM4                            main
     000000DE  _CR                                main
     000000DF  _CF                                main
     000000E0  _ACC                               main
     000000E8  _P5                                main
     000000E8  _P5_0                              main
     000000E9  _CL                                main
     000000E9  _P5_1                              main
     000000EA  _CCAP0L                            main
     000000EA  _P5_2                              main
     000000EB  _CCAP1L                            main
     000000EB  _P5_3                              main
     000000EC  _CCAP2L                            main
     000000EC  _P5_4                              main
     000000ED  _CCAP3L                            main
     000000ED  _P5_5                              main
     000000EE  _CCAP4L                            main
     000000EE  _P5_6                              main
     000000EF  _P5_7                              main
     000000F0  _B                                 main
     000000F0  _BREG_F0                           main
     000000F1  _BREG_F1                           main
     000000F2  _BREG_F2                           main
     000000F3  _BREG_F3                           main
     000000F4  _BREG_F4                           main
     000000F5  _BREG_F5                           main
ASxxxx Linker V03.00 + NoICE + sdld,  page 7.
Hexadecimal  [32-Bits]

Area                                    Addr        Size        Decimal Bytes (Attributes)
--------------------------------        ----        ----        ------- ----- ------------
.  .ABS.                            00000000    00000000 =           0. bytes (ABS,CON)

      Value  Global                              Global Defined In Module
      -----  --------------------------------   ------------------------
     000000F5  _B_5                               _gptrget
     000000F6  _BREG_F6                           main
     000000F6  _B_6                               _gptrget
     000000F7  _BREG_F7                           main
     000000F7  _B_7                               _gptrget
     000000F9  _CH                                main
     000000FA  _CCAP0H                            main
     000000FB  _CCAP1H                            main
     000000FC  _CCAP2H                            main
     000000FD  _CCAP3H                            main
     000000FE  _CCAP4H                            main

ASxxxx Linker V03.00 + NoICE + sdld,  page 8.
Hexadecimal  [32-Bits]

Area                                    Addr        Size        Decimal Bytes (Attributes)
--------------------------------        ----        ----        ------- ----- ------------
BSEG_BYTES                          00000020    00000001 =           1. bytes (REL,CON)

      Value  Global                              Global Defined In Module
      -----  --------------------------------   ------------------------
ASxxxx Linker V03.00 + NoICE + sdld,  page 9.
Hexadecimal  [32-Bits]

Area                                    Addr        Size        Decimal Bytes (Attributes)
--------------------------------        ----        ----        ------- ----- ------------
REG_BANK_0                          00000000    00000008 =           8. bytes (REL,OVR)

      Value  Global                              Global Defined In Module
      -----  --------------------------------   ------------------------
ASxxxx Linker V03.00 + NoICE + sdld,  page 10.
Hexadecimal  [32-Bits]

Area                                    Addr        Size        Decimal Bytes (Attributes)
--------------------------------        ----        ----        ------- ----- ------------
DSEG                                00000000    0000007D =         125. bytes (REL,CON)

      Value  Global                              Global Defined In Module
      -----  --------------------------------   ------------------------
     0000001C  _bp                                _bp

ASxxxx Linker V03.00 + NoICE + sdld,  page 11.
Hexadecimal  [32-Bits]

Area                                    Addr        Size        Decimal Bytes (Attributes)
--------------------------------        ----        ----        ------- ----- ------------
OSEG                                0000002B    00000004 =           4. bytes (REL,OVR)

      Value  Global                              Global Defined In Module
      -----  --------------------------------   ------------------------
ASxxxx Linker V03.00 + NoICE + sdld,  page 12.
Hexadecimal  [32-Bits]

Area                                    Addr        Size        Decimal Bytes (Attributes)
--------------------------------        ----        ----        ------- ----- ------------
ISEG                                0000002F    0000000C =          12. bytes (REL,CON)

      Value  Global                              Global Defined In Module
      -----  --------------------------------   ------------------------
ASxxxx Linker V03.00 + NoICE + sdld,  page 13.
Hexadecimal  [32-Bits]

Area                                    Addr        Size        Decimal Bytes (Attributes)
--------------------------------        ----        ----        ------- ----- ------------
SSEG                                0000003B    000000C5 =         197. bytes (REL,OVR)

      Value  Global                              Global Defined In Module
      -----  --------------------------------   ------------------------
     0000003B  __start__stack                     main

ASxxxx Linker V03.00 + NoICE + sdld,  page 14.
Hexadecimal  [32-Bits]

Area                                    Addr        Size        Decimal Bytes (Attributes)
--------------------------------        ----        ----        ------- ----- ------------
XSEG                                00000400    00001051 =        4177. bytes (REL,CON,XDATA)

      Value  Global                              Global Defined In Module
      -----  --------------------------------   ------------------------
D:   00000400  ___sdcc_heap                       _heap
D:   000013C8  __gptrput_PARM_2                   _gptrput
D:   000013C9  ___sdcc_heap_free                  malloc
D:   000013D1  __mulint_PARM_2                    _mulint
D:   000013D3  __ultoa_PARM_2                     _ltoa
D:   000013D6  __ultoa_PARM_3                     _ltoa
D:   000013FC  __ltoa_PARM_2                      _ltoa
D:   000013FF  __ltoa_PARM_3                      _ltoa
D:   00001404  _vprintf_PARM_2                    vprintf
D:   00001419  __print_format_PARM_2              printf_large
D:   0000141C  __print_format_PARM_3              printf_large
D:   0000141F  __print_format_PARM_4              printf_large
D:   0000143B  __modulong_PARM_2                  _modulong
D:   00001444  __divulong_PARM_2                  _divulong

ASxxxx Linker V03.00 + NoICE + sdld,  page 15.
Hexadecimal  [32-Bits]

Area                                    Addr        Size        Decimal Bytes (Attributes)
--------------------------------        ----        ----        ------- ----- ------------
XISEG                               00001451    0000005C =          92. bytes (REL,CON,XDATA)

      Value  Global                              Global Defined In Module
      -----  --------------------------------   ------------------------
D:   00001451  _buffer                            main
D:   00001465  _base_address                      main
D:   00001479  _end_address                       main
D:   0000148D  _Buffer_Size                       main
D:   000014A1  _Total_Char                        main
D:   000014A2  _Storage_Char                      main
D:   000014AC  _Buffer_Num                        main

ASxxxx Linker V03.00 + NoICE + sdld,  page 16.
Hexadecimal  [32-Bits]

Area                                    Addr        Size        Decimal Bytes (Attributes)
--------------------------------        ----        ----        ------- ----- ------------
HOME                                00002200    00000006 =           6. bytes (REL,CON,CODE)

      Value  Global                              Global Defined In Module
      -----  --------------------------------   ------------------------
C:   00002203  __sdcc_program_startup             main

ASxxxx Linker V03.00 + NoICE + sdld,  page 17.
Hexadecimal  [32-Bits]

Area                                    Addr        Size        Decimal Bytes (Attributes)
--------------------------------        ----        ----        ------- ----- ------------
GSINIT0                             00002206    00000003 =           3. bytes (REL,CON,CODE)

      Value  Global                              Global Defined In Module
      -----  --------------------------------   ------------------------
C:   00002206  __sdcc_gsinit_startup              

ASxxxx Linker V03.00 + NoICE + sdld,  page 18.
Hexadecimal  [32-Bits]

Area                                    Addr        Size        Decimal Bytes (Attributes)
--------------------------------        ----        ----        ------- ----- ------------
GSINIT2                             00002209    0000000A =          10. bytes (REL,CON,CODE)

      Value  Global                              Global Defined In Module
      -----  --------------------------------   ------------------------
ASxxxx Linker V03.00 + NoICE + sdld,  page 19.
Hexadecimal  [32-Bits]

Area                                    Addr        Size        Decimal Bytes (Attributes)
--------------------------------        ----        ----        ------- ----- ------------
GSINIT3                             00002213    00000022 =          34. bytes (REL,CON,CODE)

      Value  Global                              Global Defined In Module
      -----  --------------------------------   ------------------------
C:   00002213  __mcs51_genXINIT                   

ASxxxx Linker V03.00 + NoICE + sdld,  page 20.
Hexadecimal  [32-Bits]

Area                                    Addr        Size        Decimal Bytes (Attributes)
--------------------------------        ----        ----        ------- ----- ------------
GSINIT4                             00002235    0000002A =          42. bytes (REL,CON,CODE)

      Value  Global                              Global Defined In Module
      -----  --------------------------------   ------------------------
C:   00002235  __mcs51_genRAMCLEAR                
C:   0000223B  __mcs51_genXRAMCLEAR               

ASxxxx Linker V03.00 + NoICE + sdld,  page 21.
Hexadecimal  [32-Bits]

Area                                    Addr        Size        Decimal Bytes (Attributes)
--------------------------------        ----        ----        ------- ----- ------------
GSINIT                              0000225F    00000006 =           6. bytes (REL,CON,CODE)

      Value  Global                              Global Defined In Module
      -----  --------------------------------   ------------------------
ASxxxx Linker V03.00 + NoICE + sdld,  page 22.
Hexadecimal  [32-Bits]

Area                                    Addr        Size        Decimal Bytes (Attributes)
--------------------------------        ----        ----        ------- ----- ------------
GSFINAL                             00002265    00000003 =           3. bytes (REL,CON,CODE)

      Value  Global                              Global Defined In Module
      -----  --------------------------------   ------------------------
ASxxxx Linker V03.00 + NoICE + sdld,  page 23.
Hexadecimal  [32-Bits]

Area                                    Addr        Size        Decimal Bytes (Attributes)
--------------------------------        ----        ----        ------- ----- ------------
CSEG                                00002268    00001D77 =        7543. bytes (REL,CON,CODE)

      Value  Global                              Global Defined In Module
      -----  --------------------------------   ------------------------
C:   00002268  _dataout                           main
C:   0000228A  _strtola                           main
C:   0000231C  _delay                             main
C:   00002343  _uartinit                          main
C:   0000234F  _putchar                           main
C:   0000236C  _getchar                           main
C:   0000237A  _getstr                            main
C:   00002405  _add_buffer                        main
C:   0000255B  _delete_buffer                     main
C:   000025E8  _display_buffers                   main
C:   0000286B  _free_all                          main
C:   000028D5  _main                              main
C:   00002B53  _free                              free
C:   00002CAA  __gptrput                          _gptrput
C:   00002CC5  _printf_tiny                       printf_tiny
C:   00002DCE  ___sdcc_heap_init                  malloc
C:   00002E0A  _malloc                            malloc
C:   00002F73  __mulint                           _mulint
C:   00002F93  _printf_small                      printfl
C:   0000316B  __ultoa                            _ltoa
C:   0000327E  __ltoa                             _ltoa
C:   0000332A  _vprintf                           vprintf
C:   00003369  _printf                            vprintf
C:   00003472  __print_format                     printf_large
C:   00003D73  _strlen                            _strlen
C:   00003D8B  __gptrget                          _gptrget
C:   00003DA7  __modulong                         _modulong
C:   00003EE7  __divulong                         _divulong
C:   00003FDB  __sdcc_external_startup            _startup

ASxxxx Linker V03.00 + NoICE + sdld,  page 24.
Hexadecimal  [32-Bits]

Area                                    Addr        Size        Decimal Bytes (Attributes)
--------------------------------        ----        ----        ------- ----- ------------
CONST                               00003FDF    00000255 =         597. bytes (REL,CON,CODE)

      Value  Global                              Global Defined In Module
      -----  --------------------------------   ------------------------
C:   00003FDF  ___sdcc_heap_size                  _heap

ASxxxx Linker V03.00 + NoICE + sdld,  page 25.
Hexadecimal  [32-Bits]

Area                                    Addr        Size        Decimal Bytes (Attributes)
--------------------------------        ----        ----        ------- ----- ------------
XINIT                               00004234    0000005C =          92. bytes (REL,CON,CODE)

      Value  Global                              Global Defined In Module
      -----  --------------------------------   ------------------------
ASxxxx Linker V03.00 + NoICE + sdld,  page 26.

Files Linked                              [ module(s) ]

obj\Release\_heap.rel                     [  ]
obj\Release\main.rel                      [  ]


Libraries Linked                          [ object file ]

C:\Program Files\SDCC\bin\..\lib\large/libsdcc.lib
                                          [ free.rel ]
C:\Program Files\SDCC\bin\..\lib\large/mcs51.lib
                                          [ crtclear.rel ]
C:\Program Files\SDCC\bin\..\lib\large/mcs51.lib
                                          [ crtxinit.rel ]
C:\Program Files\SDCC\bin\..\lib\large/libsdcc.lib
                                          [ _gptrput.rel ]
C:\Program Files\SDCC\bin\..\lib\large/libsdcc.lib
                                          [ printf_tiny.rel ]
C:\Program Files\SDCC\bin\..\lib\large/libsdcc.lib
                                          [ malloc.rel ]
C:\Program Files\SDCC\bin\..\lib\large/libint.lib
                                          [ _mulint.rel ]
C:\Program Files\SDCC\bin\..\lib\large/mcs51.lib
                                          [ crtxclear.rel ]
C:\Program Files\SDCC\bin\..\lib\large/libsdcc.lib
                                          [ printfl.rel ]
C:\Program Files\SDCC\bin\..\lib\large/libsdcc.lib
                                          [ _ltoa.rel ]
C:\Program Files\SDCC\bin\..\lib\large/libsdcc.lib
                                          [ _bp.rel ]
C:\Program Files\SDCC\bin\..\lib\large/libsdcc.lib
                                          [ vprintf.rel ]
C:\Program Files\SDCC\bin\..\lib\large/libsdcc.lib
                                          [ printf_large.rel ]
C:\Program Files\SDCC\bin\..\lib\large/mcs51.lib
                                          [ crtpagesfr.rel ]
C:\Program Files\SDCC\bin\..\lib\large/libsdcc.lib
                                          [ _strlen.rel ]
C:\Program Files\SDCC\bin\..\lib\large/mcs51.lib
                                          [ crtstart.rel ]
C:\Program Files\SDCC\bin\..\lib\large/libsdcc.lib
                                          [ _gptrget.rel ]
C:\Program Files\SDCC\bin\..\lib\large/liblong.lib
                                          [ _modulong.rel ]
C:\Program Files\SDCC\bin\..\lib\large/liblong.lib
                                          [ _divulong.rel ]
C:\Program Files\SDCC\bin\..\lib\large/libsdcc.lib
                                          [ _startup.rel ]

ASxxxx Linker V03.00 + NoICE + sdld,  page 27.

User Base Address Definitions

HOME = 0x2200
XSEG = 0x0400
PSEG = 0x0400
ISEG = 0x0000
BSEG = 0x0000

